client/src/pages/vaccine-card.tsx(199,5): error TS2304: Cannot find name 'setNewPhotoFiles'.
client/src/pages/vaccine-card.tsx(199,23): error TS7006: Parameter 'prev' implicitly has an 'any' type.
client/src/pages/vaccine-card.tsx(204,7): error TS2304: Cannot find name 'setNewPhotoFiles'.
client/src/pages/vaccine-card.tsx(204,25): error TS7006: Parameter 'prev' implicitly has an 'any' type.
client/src/pages/vaccine-card.tsx(204,47): error TS7006: Parameter '_' implicitly has an 'any' type.
client/src/pages/vaccine-card.tsx(204,50): error TS7006: Parameter 'i' implicitly has an 'any' type.
client/src/pages/vaccine-card.tsx(206,7): error TS2304: Cannot find name 'setPhotoUrls'.
client/src/pages/vaccine-card.tsx(206,21): error TS7006: Parameter 'prev' implicitly has an 'any' type.
client/src/pages/vaccine-card.tsx(206,43): error TS7006: Parameter '_' implicitly has an 'any' type.
client/src/pages/vaccine-card.tsx(206,46): error TS7006: Parameter 'i' implicitly has an 'any' type.
client/src/pages/vaccine-card.tsx(590,13): error TS2304: Cannot find name 'setPhotoUrls'.
client/src/pages/vaccine-card.tsx(591,13): error TS2304: Cannot find name 'setNewPhotoFiles'.
server/routes.ts(829,32): error TS2304: Cannot find name 'InsertMedicalRecord'.
