server/routes.ts(639,60): error TS2345: Argument of type 'number' is not assignable to parameter of type 'string'.
